node.exe : npm warn 
Unknown project config 
"" (onlyBuiltDependenci
es:). This will stop 
working in the next 
major version of npm.
At line:1 char:1
+ & "C:\Program 
Files\nodejs/node.exe" 
"C:\Program 
Files\nodejs/node_mo 
...
+ ~~~~~~~~~~~~~~~~~~~~~
~~~~~~~~~~~~~~~~~~~~~~~
~~~~~~~~~~~~~~~~~~~~~~~
~~
    + CategoryInfo     
         : NotSpecifi  
  ed: (npm warn Unkn   
 ow...version of np    
m.:String) [], Rem    
oteException
    + FullyQualifiedEr 
   rorId : NativeComm  
  andError
 
npm warn Unknown 
project config "- 
"@tailwindcss/oxide"". 
This will stop working 
in the next major 
version of npm.
npm warn Unknown 
project config "- 
esbuild". This will 
stop working in the 
next major version of 
npm.

[1m[7m[36m RUN [39m[27m[22m [36mv2.1.9 [39m[90mC:/Users/Aung San/Downloads/Compressed/gotravel-main[39m

[2mfilter:  [22m[33m
client/src/lib/flights/
resolveFlightsRedirect.
test.ts[39m
[2minclude: [22m[33m
server/**/*.test.ts[2m
, [22mserver/**/*.spec
.ts[39m
[2mexclude:  [22m[33
m**/node_modules/**[2m
, [22m**/dist/**[2m, 
[22m**/cypress/**[2m,
 [22m**/.{idea,git,cac
he,output,temp}/**[2m,
 [22m**/{karma,rollup,
webpack,vite,vitest,jes
t,ava,babel,nyc,cypress
,tsup,build,eslint,pret
tier}.config.*[39m
[31m
No test files found, 
exiting with code 
1[39m
