node.exe : npm warn 
Unknown project config 
"" (onlyBuiltDependenci
es:). This will stop 
working in the next 
major version of npm.
At line:1 char:1
+ & "C:\Program 
Files\nodejs/node.exe" 
"C:\Program 
Files\nodejs/node_mo 
...
+ ~~~~~~~~~~~~~~~~~~~~~
~~~~~~~~~~~~~~~~~~~~~~~
~~~~~~~~~~~~~~~~~~~~~~~
~~
    + CategoryInfo     
         : NotSpecifi  
  ed: (npm warn Unkn   
 ow...version of np    
m.:String) [], Rem    
oteException
    + FullyQualifiedEr 
   rorId : NativeComm  
  andError
 
npm warn Unknown 
project config "- 
"@tailwindcss/oxide"". 
This will stop working 
in the next major 
version of npm.
npm warn Unknown 
project config "- 
esbuild". This will 
stop working in the 
next major version of 
npm.
src/pages/DestinationLandingPage.tsx(395,50): error TS2304: Cannot find name 'NormalizedDealVM'.
src/pages/DestinationLandingPage.tsx(407,28): error TS2304: Cannot find name 'NormalizedDealVM'.
src/pages/DestinationLandingPage.tsx(428,56): error TS2304: Cannot find name 'NormalizedDealVM'.
