node.exe : npm warn 
Unknown project config 
"" (onlyBuiltDependenci
es:). This will stop 
working in the next 
major version of npm.
At line:1 char:1
+ & "C:\Program 
Files\nodejs/node.exe" 
"C:\Program 
Files\nodejs/node_mo 
...
+ ~~~~~~~~~~~~~~~~~~~~~
~~~~~~~~~~~~~~~~~~~~~~~
~~~~~~~~~~~~~~~~~~~~~~~
~~
    + CategoryInfo     
         : NotSpecifi  
  ed: (npm warn Unkn   
 ow...version of np    
m.:String) [], Rem    
oteException
    + FullyQualifiedEr 
   rorId : NativeComm  
  andError
 
npm warn Unknown 
project config "- 
"@tailwindcss/oxide"". 
This will stop working 
in the next major 
version of npm.
npm warn Unknown 
project config "- 
esbuild". This will 
stop working in the 
next major version of 
npm.
src/pages/flights/WhiteLabelResultsBridge.tsx(14,30): error TS2307: Cannot find module '@/components/flights/results/StaysSection' or its corresponding type declarations.
src/pages/flights/WhiteLabelResultsBridge.tsx(15,29): error TS2307: Cannot find module '@/components/flights/results/CarsSection' or its corresponding type declarations.
