
 RUN  v2.1.9 C:/Users/Aung San/Downloads/Compressed/gotravel-main

pnpm : filter:  client/
src/lib/flights/resolve
FlightsRedirect.test.ts
At line:1 char:1
+ pnpm vitest run clien
t/src/lib/flights/resol
veFlightsRedirect.test.
ts ...
+ ~~~~~~~~~~~~~~~~~~~~~
~~~~~~~~~~~~~~~~~~~~~~~
~~~~~~~~~~~~~~~~~~~~~~~
~~
    + CategoryInfo     
         : NotSpecifi  
  ed: (filter:  clie   
 nt...edirect.test.    
ts:String) [], Rem    
oteException
    + FullyQualifiedEr 
   rorId : NativeComm  
  andError
 
include: 
server/**/*.test.ts, 
server/**/*.spec.ts
exclude:  
**/node_modules/**, 
**/dist/**, 
**/cypress/**, **/.{ide
a,git,cache,output,temp
}/**, **/{karma,rollup,
webpack,vite,vitest,jes
t,ava,babel,nyc,cypress
,tsup,build,eslint,pret
tier}.config.*

No test files found, 
exiting with code 1
